 main

 Timestamp is 67d73339 (Mon Mar 17 03:23:21 2025)

 Preferred load address is 0000000140000000

 Start         Length     Name                   Class
 0001:00000000 00017000H .text                   CODE
 0001:00017000 00000323H .text$mn                CODE
 0002:00000000 00000038H .idata$5                DATA
 0002:00000038 0000004cH .rdata                  DATA
 0002:00000084 00000024H .rdata$voltmd           DATA
 0002:000000a8 0000010cH .rdata$zzzdbg           DATA
 0002:000001b4 00000020H .xdata                  DATA
 0003:00000000 00004009H .bss                    DATA
 0004:00000000 00000030H .pdata                  DATA
 0005:00000000 00001000H .mysec                  DATA
 0006:00000000 00000014H .idata$2                DATA
 0006:00000014 00000014H .idata$3                DATA
 0006:00000028 00000038H .idata$4                DATA
 0006:00000060 00000088H .idata$6                DATA

  Address         Publics by Value              Rva+Base               Lib:Object

 0000:00000000       __AbsoluteZero             0000000000000000     <absolute>
 0000:00000000       ___safe_se_handler_count   0000000000000000     <absolute>
 0000:00000000       ___safe_se_handler_table   0000000000000000     <absolute>
 0000:00000000       __arm64x_extra_rfe_table   0000000000000000     <absolute>
 0000:00000000       __arm64x_extra_rfe_table_size 0000000000000000     <absolute>
 0000:00000000       __arm64x_native_entrypoint 0000000000000000     <absolute>
 0000:00000000       __arm64x_redirection_metadata 0000000000000000     <absolute>
 0000:00000000       __arm64x_redirection_metadata_count 0000000000000000     <absolute>
 0000:00000000       __dynamic_value_reloc_table 0000000000000000     <absolute>
 0000:00000000       __enclave_config           0000000000000000     <absolute>
 0000:00000000       __guard_check_icall_a64n_fptr 0000000000000000     <absolute>
 0000:00000000       __guard_eh_cont_count      0000000000000000     <absolute>
 0000:00000000       __guard_eh_cont_table      0000000000000000     <absolute>
 0000:00000000       __guard_fids_count         0000000000000000     <absolute>
 0000:00000000       __guard_fids_table         0000000000000000     <absolute>
 0000:00000000       __guard_flags              0000000000000000     <absolute>
 0000:00000000       __guard_iat_count          0000000000000000     <absolute>
 0000:00000000       __guard_iat_table          0000000000000000     <absolute>
 0000:00000000       __guard_longjmp_count      0000000000000000     <absolute>
 0000:00000000       __guard_longjmp_table      0000000000000000     <absolute>
 0000:00000000       __hybrid_auxiliary_delayload_iat 0000000000000000     <absolute>
 0000:00000000       __hybrid_auxiliary_delayload_iat_copy 0000000000000000     <absolute>
 0000:00000000       __hybrid_auxiliary_iat     0000000000000000     <absolute>
 0000:00000000       __hybrid_auxiliary_iat_copy 0000000000000000     <absolute>
 0000:00000000       __hybrid_code_map          0000000000000000     <absolute>
 0000:00000000       __hybrid_code_map_count    0000000000000000     <absolute>
 0000:00000000       __hybrid_image_info_bitfield 0000000000000000     <absolute>
 0000:00000000       __x64_code_ranges_to_entry_points 0000000000000000     <absolute>
 0000:00000000       __x64_code_ranges_to_entry_points_count 0000000000000000     <absolute>
 0001:00000000       ?text_padding@@3PADA       0000000140001000     main.obj
 0001:00017000       ?get_system_information@@YAPEAXH@Z 0000000140018000 f   main.obj
 0001:00017090       ?get_kernel_module@@YA_KPEBD@Z 0000000140018090 f   main.obj
 0001:000171e0       ?driver_entry@@YAJ_K00@Z   00000001400181e0 f   main.obj
 0001:000172ff       tolower                    00000001400182ff f   ntoskrnl:ntoskrnl.exe
 0001:00017305       strcmp                     0000000140018305 f   ntoskrnl:ntoskrnl.exe
 0001:0001730b       ExAllocatePoolWithTag      000000014001830b f   ntoskrnl:ntoskrnl.exe
 0001:00017311       ExFreePoolWithTag          0000000140018311 f   ntoskrnl:ntoskrnl.exe
 0001:00017317       PsLookupProcessByProcessId 0000000140018317 f   ntoskrnl:ntoskrnl.exe
 0001:0001731d       ZwQuerySystemInformation   000000014001831d f   ntoskrnl:ntoskrnl.exe
 0002:00000000       __imp_strcmp               0000000140019000     ntoskrnl:ntoskrnl.exe
 0002:00000008       __imp_ExAllocatePoolWithTag 0000000140019008     ntoskrnl:ntoskrnl.exe
 0002:00000010       __imp_ExFreePoolWithTag    0000000140019010     ntoskrnl:ntoskrnl.exe
 0002:00000018       __imp_PsLookupProcessByProcessId 0000000140019018     ntoskrnl:ntoskrnl.exe
 0002:00000020       __imp_ZwQuerySystemInformation 0000000140019020     ntoskrnl:ntoskrnl.exe
 0002:00000028       __imp_tolower              0000000140019028     ntoskrnl:ntoskrnl.exe
 0002:00000030       \177ntoskrnl_NULL_THUNK_DATA 0000000140019030     ntoskrnl:ntoskrnl.exe
 0002:00000084       __volatile_metadata        0000000140019084     <linker-defined>
 0003:00000000       ?force_bss@@3RCDC          000000014001a000     main.obj
 0003:00004000       ?original_win32k@@3P6A_J_J0@ZEA 000000014001e000     main.obj
 0003:00004008       ExPoolZeroingNativelySupported 000000014001e008     main.obj
 0005:00000000       ?my_section_data@@3PADA    0000000140020000     main.obj
 0006:00000000       __IMPORT_DESCRIPTOR_ntoskrnl 0000000140021000     ntoskrnl:ntoskrnl.exe
 0006:00000014       __NULL_IMPORT_DESCRIPTOR   0000000140021014     ntoskrnl:ntoskrnl.exe

 entry point at        0001:000171e0

 Static symbols

 0000:00000000       _volmd                     0000000140000000     main.obj
 0000:00000000       .debug$S                   0000000140000000     ntoskrnl:ntoskrnl.exe
 0000:00000000       .debug$S                   0000000140000000     ntoskrnl:ntoskrnl.exe
 0000:00000000       .debug$S                   0000000140000000     ntoskrnl:ntoskrnl.exe
 0000:00000000       .debug$S                   0000000140000000     ntoskrnl:ntoskrnl.exe
 0000:00000000       .debug$S                   0000000140000000     ntoskrnl:ntoskrnl.exe
 0000:00000000       .debug$S                   0000000140000000     ntoskrnl:ntoskrnl.exe
 0001:00017180       ??R<lambda_096d8183f0efb76f243279656f49e100>@@QEBAPEADPEAD@Z 0000000140018180 f   main.obj
 0002:00000038       $SG66574                   0000000140019038     main.obj
 0002:0000003c       $SG66588                   000000014001903c     main.obj
 0002:00000040       $SG66878                   0000000140019040     main.obj
 0002:00000048       $SG70020                   0000000140019048     main.obj
 0002:00000058       $SG70021                   0000000140019058     main.obj
 0002:000001b4       $unwind$?get_system_information@@YAPEAXH@Z 00000001400191b4     main.obj
 0002:000001bc       $unwind$?get_kernel_module@@YA_KPEBD@Z 00000001400191bc     main.obj
 0002:000001c4       $unwind$??R<lambda_096d8183f0efb76f243279656f49e100>@@QEBAPEADPEAD@Z 00000001400191c4     main.obj
 0002:000001cc       $unwind$?driver_entry@@YAJ_K00@Z 00000001400191cc     main.obj
 0006:000000da       .idata$6                   00000001400210da     ntoskrnl:ntoskrnl.exe
